[dotenv@17.2.3] injecting env (2) from .env -- tip: ≡ƒ¢á∩╕Å  run anywhere with `dotenvx run -- yourcommand`
=== STARTING TEST: APPLICATION ID VERSIONING ===
Signing up test user...
node : Γ¥î TEST FAILED: 
Error
At line:1 char:1
+ node scripts/test_applic
ation_id.js 2>&1 | 
Out-File -FilePath 
test_ou ...
+ ~~~~~~~~~~~~~~~~~~~~~~~~
~~~~~~~~~~~~~~~~
    + CategoryInfo        
      : NotSpecified: (Γ  
  ¥î TEST FAILED: Error   
 :String) [], RemoteEx    
ception
    + FullyQualifiedError 
   Id : NativeCommandErr  
  or
 
